Sum of 1000000000000000000000000
and 12345
is 12345
