tests/9.sh: line 1: 18193 Segmentation fault      ./add 123123123123123123123123123123123123123 987987987987987987987987987987987987987
