
@ t=0, read from pA=12288 (vA=0)

PageTable (Stat,Acc,Frame)
[ 0]  L,  0,  3 @ 12288
[ 1]  -, -1, -1
[ 2]  -, -1, -1
[ 3]  -, -1, -1
MemFrames
[ 0] -1 @ 0
[ 1] -1 @ 4096
[ 2] -1 @ 8192
[ 3]  0 @ 12288

@ t=1, write to pA=13312 (vA=1024)

PageTable (Stat,Acc,Frame)
[ 0]  M,  1,  3 @ 12288
[ 1]  -, -1, -1
[ 2]  -, -1, -1
[ 3]  -, -1, -1
MemFrames
[ 0] -1 @ 0
[ 1] -1 @ 4096
[ 2] -1 @ 8192
[ 3]  0 @ 12288

@ t=2, read from pA=8192 (vA=4096)

PageTable (Stat,Acc,Frame)
[ 0]  L,  2,  2 @ 8192
[ 1]  -, -1, -1
[ 2]  -, -1, -1
[ 3]  -, -1, -1
MemFrames
[ 0] -1 @ 0
[ 1] -1 @ 4096
[ 2]  1 @ 8192
[ 3]  0 @ 12288

@ t=3, write to pA=4098 (vA=4098)

PageTable (Stat,Acc,Frame)
[ 0]  L,  3,  1 @ 4096
[ 1]  -, -1, -1
[ 2]  -, -1, -1
[ 3]  -, -1, -1
MemFrames
[ 0] -1 @ 0
[ 1]  1 @ 4096
[ 2]  1 @ 8192
[ 3]  0 @ 12288

@ t=4, read from pA=2 (vA=8194)

PageTable (Stat,Acc,Frame)
[ 0]  L,  4,  0 @ 0
[ 1]  -, -1, -1
[ 2]  -, -1, -1
[ 3]  -, -1, -1
MemFrames
[ 0]  2 @ 0
[ 1]  1 @ 4096
[ 2]  1 @ 8192
[ 3]  0 @ 12288

Invalid address 9000
