
@ t=0, read from pA=4096 (vA=0)

PageTable (Stat,Acc,Frame)
[ 0]  L,  0,  1 @ 4096
[ 1]  -, -1, -1
MemFrames
[ 0] -1 @ 0
[ 1]  0 @ 4096

Invalid address 4
