
@ t=0, read from pA=0 (vA=0)

PageTable (Stat,Acc,Frame)
[ 0]  L,  0,  0 @ 0
[ 1]  -, -1, -1
MemFrames
[ 0]  0 @ 0

Invalid address 4
