
@ t=0, read from pA=8192 (vA=0)

PageTable (Stat,Acc,Frame)
[ 0]  L,  0,  2 @ 8192
[ 1]  -, -1, -1
[ 2]  -, -1, -1
[ 3]  -, -1, -1
[ 4]  -, -1, -1
MemFrames
[ 0] -1 @ 0
[ 1] -1 @ 4096
[ 2]  0 @ 8192

@ t=1, read from pA=4096 (vA=4096)

PageTable (Stat,Acc,Frame)
[ 0]  L,  1,  1 @ 4096
[ 1]  -, -1, -1
[ 2]  -, -1, -1
[ 3]  -, -1, -1
[ 4]  -, -1, -1
MemFrames
[ 0] -1 @ 0
[ 1]  1 @ 4096
[ 2]  0 @ 8192

@ t=2, read from pA=0 (vA=8192)

PageTable (Stat,Acc,Frame)
[ 0]  L,  2,  0 @ 0
[ 1]  -, -1, -1
[ 2]  -, -1, -1
[ 3]  -, -1, -1
[ 4]  -, -1, -1
MemFrames
[ 0]  2 @ 0
[ 1]  1 @ 4096
[ 2]  0 @ 8192

Invalid address 12288
