
@ t=0, read from pA=4096 (vA=0)

PageTable (Stat,Acc,Frame)
[ 0]  L,  0,  1 @ 4096
[ 1]  -, -1, -1
[ 2]  -, -1, -1
[ 3]  -, -1, -1
[ 4]  -, -1, -1
[ 5]  -, -1, -1
[ 6]  -, -1, -1
[ 7]  -, -1, -1
MemFrames
[ 0] -1 @ 0
[ 1]  0 @ 4096

@ t=1, read from pA=0 (vA=4096)

PageTable (Stat,Acc,Frame)
[ 0]  L,  1,  0 @ 0
[ 1]  -, -1, -1
[ 2]  -, -1, -1
[ 3]  -, -1, -1
[ 4]  -, -1, -1
[ 5]  -, -1, -1
[ 6]  -, -1, -1
[ 7]  -, -1, -1
MemFrames
[ 0]  1 @ 0
[ 1]  0 @ 4096

Invalid address 8192
